exports[`test extra metadata 1`] = `
Object {
  "author": "Foo Bar <foo@example.com>",
  "description": "Test Application (test quite \" #378)",
  "foo": Object {
    "bar": 12,
    "existingProp": 22,
  },
  "homepage": "http://foo.example.com",
  "license": "MIT",
  "name": "TestApp",
  "private": true,
  "productName": "Test App ÃŸ/W",
  "version": "1.1.0",
}
`;
