// Jest Snapshot v1, https://goo.gl/fbAQLP

exports[`expand not defined env 1`] = `"Env FOO_NOT_DEFINED is not defined"`;

exports[`extraResources on Linux and Windows 1`] = `
Array [
  "RELEASES",
  "Test App ÃŸW Setup 1.1.0.exe",
  "TestApp-1.1.0-full.nupkg",
]
`;

exports[`extraResources on Linux and Windows 2`] = `
Array [
  "TestApp-Setup-1.1.0.exe",
]
`;
