exports[`test link 1`] = `
Object {
  "link": "index.js",
}
`;

exports[`test outside link 1`] = `
Object {
  "offset": "4877",
  "size": 4,
}
`;
