// Jest Snapshot v1, https://goo.gl/fbAQLP

exports[`linux 1`] = `
Object {
  "linux": Array [
    Object {
      "arch": "x64",
      "file": "notepad-1.0.0-x86_64.AppImage",
      "updateInfo": Object {
        "blockMapSize": "@blockMapSize",
        "sha512": "@sha512",
        "size": "@size",
      },
    },
  ],
}
`;

exports[`mac 1`] = `
Object {
  "mac": Array [],
}
`;
