// Jest Snapshot v1, https://goo.gl/fbAQLP

exports[`generic and github 1`] = `
Object {
  "mac": Array [
    Object {
      "file": "latest-mac.json",
    },
    Object {
      "file": "latest-mac.json",
    },
    Object {
      "file": "latest-mac.yml",
      "fileContent": Object {
        "githubArtifactName": "TestApp-1.1.0-mac.zip",
        "path": "Test App ßW-1.1.0-mac.zip",
        "version": "1.1.0",
      },
    },
    Object {
      "file": "latest-mac.yml",
      "fileContent": Object {
        "githubArtifactName": "TestApp-1.1.0-mac.zip",
        "path": "Test App ßW-1.1.0-mac.zip",
        "version": "1.1.0",
      },
    },
    Object {
      "arch": "x64",
      "file": "Test App ßW-1.1.0-mac.zip",
      "safeArtifactName": "TestApp-1.1.0-mac.zip",
    },
  ],
}
`;
