// Jest Snapshot v1, https://goo.gl/fbAQLP

exports[`msi 1`] = `
Object {
  "win": Array [
    Object {
      "arch": "x64",
      "file": "Test App ÃŸW-1.1.0.msi",
      "safeArtifactName": "TestApp-1.1.0.msi",
    },
  ],
}
`;
