exports[`test menuCategory 1`] = `
Array [
  "Program Files/Foo Bar",
  "Program Files/Foo Bar/test-menu-category",
  "Program Files/Foo Bar/test-menu-category/blink_image_resources_200_percent.pak",
  "Program Files/Foo Bar/test-menu-category/content_resources_200_percent.pak",
  "Program Files/Foo Bar/test-menu-category/content_shell.pak",
  "Program Files/Foo Bar/test-menu-category/d3dcompiler_47.dll",
  "Program Files/Foo Bar/test-menu-category/ffmpeg.dll",
  "Program Files/Foo Bar/test-menu-category/icudtl.dat",
  "Program Files/Foo Bar/test-menu-category/libEGL.dll",
  "Program Files/Foo Bar/test-menu-category/libGLESv2.dll",
  "Program Files/Foo Bar/test-menu-category/LICENSE.electron.txt",
  "Program Files/Foo Bar/test-menu-category/LICENSES.chromium.html",
  "Program Files/Foo Bar/test-menu-category/locales",
  "Program Files/Foo Bar/test-menu-category/natives_blob.bin",
  "Program Files/Foo Bar/test-menu-category/node.dll",
  "Program Files/Foo Bar/test-menu-category/resources",
  "Program Files/Foo Bar/test-menu-category/snapshot_blob.bin",
  "Program Files/Foo Bar/test-menu-category/Test Menu Category.exe",
  "Program Files/Foo Bar/test-menu-category/ui_resources_200_percent.pak",
  "Program Files/Foo Bar/test-menu-category/Uninstall Test Menu Category.exe",
  "Program Files/Foo Bar/test-menu-category/views_resources_200_percent.pak",
  "Program Files/Foo Bar/test-menu-category/xinput1_3.dll",
  "Program Files/Foo Bar/test-menu-category/locales/am.pak",
  "Program Files/Foo Bar/test-menu-category/locales/ar.pak",
  "Program Files/Foo Bar/test-menu-category/locales/bg.pak",
  "Program Files/Foo Bar/test-menu-category/locales/bn.pak",
  "Program Files/Foo Bar/test-menu-category/locales/ca.pak",
  "Program Files/Foo Bar/test-menu-category/locales/cs.pak",
  "Program Files/Foo Bar/test-menu-category/locales/da.pak",
  "Program Files/Foo Bar/test-menu-category/locales/de.pak",
  "Program Files/Foo Bar/test-menu-category/locales/el.pak",
  "Program Files/Foo Bar/test-menu-category/locales/en-GB.pak",
  "Program Files/Foo Bar/test-menu-category/locales/en-US.pak",
  "Program Files/Foo Bar/test-menu-category/locales/es-419.pak",
  "Program Files/Foo Bar/test-menu-category/locales/es.pak",
  "Program Files/Foo Bar/test-menu-category/locales/et.pak",
  "Program Files/Foo Bar/test-menu-category/locales/fa.pak",
  "Program Files/Foo Bar/test-menu-category/locales/fake-bidi.pak",
  "Program Files/Foo Bar/test-menu-category/locales/fi.pak",
  "Program Files/Foo Bar/test-menu-category/locales/fil.pak",
  "Program Files/Foo Bar/test-menu-category/locales/fr.pak",
  "Program Files/Foo Bar/test-menu-category/locales/gu.pak",
  "Program Files/Foo Bar/test-menu-category/locales/he.pak",
  "Program Files/Foo Bar/test-menu-category/locales/hi.pak",
  "Program Files/Foo Bar/test-menu-category/locales/hr.pak",
  "Program Files/Foo Bar/test-menu-category/locales/hu.pak",
  "Program Files/Foo Bar/test-menu-category/locales/id.pak",
  "Program Files/Foo Bar/test-menu-category/locales/it.pak",
  "Program Files/Foo Bar/test-menu-category/locales/ja.pak",
  "Program Files/Foo Bar/test-menu-category/locales/kn.pak",
  "Program Files/Foo Bar/test-menu-category/locales/ko.pak",
  "Program Files/Foo Bar/test-menu-category/locales/lt.pak",
  "Program Files/Foo Bar/test-menu-category/locales/lv.pak",
  "Program Files/Foo Bar/test-menu-category/locales/ml.pak",
  "Program Files/Foo Bar/test-menu-category/locales/mr.pak",
  "Program Files/Foo Bar/test-menu-category/locales/ms.pak",
  "Program Files/Foo Bar/test-menu-category/locales/nb.pak",
  "Program Files/Foo Bar/test-menu-category/locales/nl.pak",
  "Program Files/Foo Bar/test-menu-category/locales/pl.pak",
  "Program Files/Foo Bar/test-menu-category/locales/pt-BR.pak",
  "Program Files/Foo Bar/test-menu-category/locales/pt-PT.pak",
  "Program Files/Foo Bar/test-menu-category/locales/ro.pak",
  "Program Files/Foo Bar/test-menu-category/locales/ru.pak",
  "Program Files/Foo Bar/test-menu-category/locales/sk.pak",
  "Program Files/Foo Bar/test-menu-category/locales/sl.pak",
  "Program Files/Foo Bar/test-menu-category/locales/sr.pak",
  "Program Files/Foo Bar/test-menu-category/locales/sv.pak",
  "Program Files/Foo Bar/test-menu-category/locales/sw.pak",
  "Program Files/Foo Bar/test-menu-category/locales/ta.pak",
  "Program Files/Foo Bar/test-menu-category/locales/te.pak",
  "Program Files/Foo Bar/test-menu-category/locales/th.pak",
  "Program Files/Foo Bar/test-menu-category/locales/tr.pak",
  "Program Files/Foo Bar/test-menu-category/locales/uk.pak",
  "Program Files/Foo Bar/test-menu-category/locales/vi.pak",
  "Program Files/Foo Bar/test-menu-category/locales/zh-CN.pak",
  "Program Files/Foo Bar/test-menu-category/locales/zh-TW.pak",
  "Program Files/Foo Bar/test-menu-category/resources/app.asar",
  "Program Files/Foo Bar/test-menu-category/resources/electron.asar",
  "users/Public/Desktop/Test Menu Category.lnk",
  "users/Public/Start Menu/Programs/Foo Bar",
  "users/Public/Start Menu/Programs/Foo Bar/Test Menu Category.lnk",
]
`;

exports[`test one-click 1`] = `
Object {
  "owner": "actperepo",
  "package": "TestApp",
  "provider": "bintray",
}
`;
