exports[`test Squirrel.Windows 1`] = `
Array [
  "RELEASES",
  "Test App ßW Setup 1.1.0.exe",
  "Test App ßW-1.1.0-win.zip",
  "TestApp-1.1.0-full.nupkg",
]
`;

exports[`test Squirrel.Windows 2`] = `
Array [
  "TestApp-1.1.0-win.zip",
  "TestApp-Setup-1.1.0.exe",
]
`;
