// Jest Snapshot v1, https://goo.gl/fbAQLP

exports[`icon < 256 1`] = `"Windows icon size must be at least 256x256, please fix \\"<path>/icon.ico\\""`;

exports[`icon not an image 1`] = `"Windows icon is not valid ico file, please fix \\"<path>/icon.ico\\""`;

exports[`sign certificateSha1 1`] = `"certificateSha1 supported only on Windows"`;

exports[`sign electronDist 1`] = `"ENOENT: no such file or directory, scandir '<path>/foo'"`;

exports[`sign ev 1`] = `"certificateSubjectName supported only on Windows"`;

exports[`sign forceCodeSigning 1`] = `"App is not signed and \\"forceCodeSigning\\" is set to true, please ensure that code signing configuration is correct, please see https://github.com/electron-userland/electron-builder/wiki/Code-Signing"`;

exports[`win zip 1`] = `
Object {
  "win": Array [
    Object {
      "arch": "x64",
      "file": "Test App ÃŸW-1.1.0-win.zip",
      "safeArtifactName": "TestApp-1.1.0-win.zip",
    },
  ],
}
`;
