// Jest Snapshot v1, https://goo.gl/fbAQLP

exports[`mac updates 1`] = `
Object {
  "name": "Onshape-0.5.13-mac.zip",
  "sha512": "fbQfATZV6mGoJMfWtskRSgB+aGFmbYMs8GUDdOiDORf+7jG6UoM3ruVgnRHqg7vwB9s72G27s3uH150fewUTtw==",
  "url": "https://github.com/develar/onshape-desktop-shell/releases/download/v0.5.13/Onshape-0.5.13-mac.zip",
}
`;

exports[`mac updates 2`] = `
Array [
  "checking-for-update",
  "update-available",
]
`;
